2026-01-13 01:31:12,072 WARNING: * Debugger is active!
2026-01-13 01:31:12,072 INFO: * Debugger PIN: 132-491-319
2026-01-13 01:31:33,067 INFO:--- 1. After User CSV Load ---
2026-01-13 01:31:33,067 INFO:Index(['CAS_RN', 'Product_Name', 'amount_level', 'spray_work', 'area_high',
       'ventilation', 'work_tim2026-01-13 01:32:48,650 INFO: * Restarting with stat
2026-01-13 01:32:58,751 INFO: * Restarting with stat
2026-01-13 01:33:38,004 INFO: * Restarting with stat
2026-01-13 01:33:45,068 INFO: * Restarting with stat
ration', 'target_inh', 'target_derm',
       'target_phys'],
      dtype='object')
2026-01-13 01:31:33,068 INFO:      CAS_RN Product_Name  ... target_derm target_phys
0    67-64-1         アセトン  ...        True        True
1  7732-18-5            水  ...        True       False

[2 rows x 22 columns]
2026-01-13 01:31:33,286 INFO:--- Inhalation Risk Calculation for 67-64-1 ---
2026-01-13 01:31:33,286 INFO:  - Initial EP: 100.0
2026-01-13 01:31:33,286 INFO:  - Conc Coeff: 1.0
2026-01-13 01:31:33,286 INFO:  - Spray Coeff: 1
2026-01-13 01:31:33,287 INFO:  - Area Coeff: 1
2026-01-13 01:31:33,287 INFO:  - Venti Coeff: 1.0
2026-01-13 01:31:33,287 INFO:  - Time Coeff (8h): 0.1
2026-01-13 01:31:33,287 INFO:  - Var Coeff (ST): 4
2026-01-13 01:31:33,287 INFO:  - Final EpBandMax (8h): 10.0
2026-01-13 01:31:33,288 INFO:  - Final EpBandMax_ST (ST): 400.0
2026-01-13 01:31:33,288 INFO:----------------------------------------------------
2026-01-13 01:31:33,300 INFO:--- RCR Calculation for 67-64-1 ---
2026-01-13 01:31:33,300 INFO:  - OEL Target (8h): nan
2026-01-13 01:31:33,300 INFO:  - ACR_Max: 500.0
2026-01-13 01:31:33,301 INFO:  - Final OEL Target: 500.0
2026-01-13 01:31:33,301 INFO:  - EpBandMax (8h): 10.0
2026-01-13 01:31:33,301 INFO:  - RCR_Inhalation: 0.02
2026-01-13 01:31:33,368 INFO:127.0.0.1 - - [13/Jan/2026 01:31:33] "POST / HTTP/1.1" 200 -
2026-01-13 01:32:48,480 INFO: * Detected change in '/app/app/app.py', reloading
